{
  "filters_used": [
    {
      "path": "detect_secrets.filters.allowlist.is_line_allowlisted"
    },
    {
      "min_level": 2,
      "path": "detect_secrets.filters.common.is_ignored_due_to_verification_policies"
    },
    {
      "path": "detect_secrets.filters.heuristic.is_indirect_reference"
    },
    {
      "path": "detect_secrets.filters.heuristic.is_likely_id_string"
    },
    {
      "path": "detect_secrets.filters.heuristic.is_lock_file"
    },
    {
      "path": "detect_secrets.filters.heuristic.is_not_alphanumeric_string"
    },
    {
      "path": "detect_secrets.filters.heuristic.is_potential_uuid"
    },
    {
      "path": "detect_secrets.filters.heuristic.is_prefixed_with_dollar_sign"
    },
    {
      "path": "detect_secrets.filters.heuristic.is_sequential_string"
    },
    {
      "path": "detect_secrets.filters.heuristic.is_swagger_file"
    },
    {
      "path": "detect_secrets.filters.heuristic.is_templated_secret"
    },
    {
      "path": "detect_secrets.filters.regex.should_exclude_file",
      "pattern": [
        "\\.secrets\\.baseline$"
      ]
    }
  ],
  "generated_at": "2026-08-10T17:38:00Z",
  "plugins_used": [
    {
      "name": "ArtifactoryDetector"
    },
    {
      "name": "AWSKeyDetector"
    },
    {
      "name": "AzureStorageKeyDetector"
    },
    {
      "limit": 4.5,
      "name": "Base64HighEntropyString"
    },
    {
      "name": "BasicAuthDetector"
    },
    {
      "name": "CloudantDetector"
    },
    {
      "name": "DiscordBotTokenDetector"
    },
    {
      "name": "GitHubTokenDetector"
    },
    {
      "name": "GitLabTokenDetector"
    },
    {
      "limit": 3.0,
      "name": "HexHighEntropyString"
    },
    {
      "name": "IbmCloudIamDetector"
    },
    {
      "name": "IbmCosHmacDetector"
    },
    {
      "name": "IPPublicDetector"
    },
    {
      "name": "JwtTokenDetector"
    },
    {
      "keyword_exclude": "",
      "name": "KeywordDetector"
    },
    {
      "name": "MailchimpDetector"
    },
    {
      "name": "NpmDetector"
    },
    {
      "name": "OpenAIDetector"
    },
    {
      "name": "PrivateKeyDetector"
    },
    {
      "name": "PypiTokenDetector"
    },
    {
      "name": "SendGridDetector"
    },
    {
      "name": "SlackDetector"
    },
    {
      "name": "SoftlayerDetector"
    },
    {
      "name": "SquareOAuthDetector"
    },
    {
      "name": "StripeDetector"
    },
    {
      "name": "TelegramBotTokenDetector"
    },
    {
      "name": "TwilioKeyDetector"
    }
  ],
  "results": {
    "CLAUDE.md": [
      {
        "filename": "CLAUDE.md",
        "hashed_secret": "9d4e1e23bd5b727046a9e3b4b7db57bd8d6ee684",
        "is_secret": false,
        "is_verified": false,
        "line_number": 149,
        "type": "Basic Auth Credentials"
      },
      {
        "filename": "CLAUDE.md",
        "hashed_secret": "f32b67c7e26342af42efabc674d441dca0a281c5",
        "is_secret": false,
        "is_verified": false,
        "line_number": 247,
        "type": "Secret Keyword"
      }
    ],
    "docs/adr/0041-e2b-pypi-based-execution.md": [
      {
        "filename": "docs/adr/0041-e2b-pypi-based-execution.md",
        "hashed_secret": "7288edd0fc3ffcbe93a0cf06e3568e28521687bc",
        "is_secret": false,
        "is_verified": false,
        "line_number": 395,
        "type": "Secret Keyword"
      }
    ],
    "docs/architecture/aiop.md": [
      {
        "filename": "docs/architecture/aiop.md",
        "hashed_secret": "9d4e1e23bd5b727046a9e3b4b7db57bd8d6ee684",
        "is_secret": false,
        "is_verified": false,
        "line_number": 238,
        "type": "Basic Auth Credentials"
      }
    ],
    "docs/archive/developer-guide/adapters.md": [
      {
        "filename": "docs/archive/developer-guide/adapters.md",
        "hashed_secret": "a94a8fe5ccb19ba61c4c0873d391e987982fbbd3",
        "is_secret": false,
        "is_verified": false,
        "line_number": 252,
        "type": "Secret Keyword"
      }
    ],
    "docs/archive/mcp-pre-v0_5_0/mcp-audit.md": [
      {
        "filename": "docs/archive/mcp-pre-v0_5_0/mcp-audit.md",
        "hashed_secret": "9d4e1e23bd5b727046a9e3b4b7db57bd8d6ee684",
        "is_secret": false,
        "is_verified": false,
        "line_number": 647,
        "type": "Basic Auth Credentials"
      }
    ],
    "docs/archive/mcp-pre-v0_5_0/phase-2.4-memory-pii-redaction-complete.md": [
      {
        "filename": "docs/archive/mcp-pre-v0_5_0/phase-2.4-memory-pii-redaction-complete.md",
        "hashed_secret": "9d4e1e23bd5b727046a9e3b4b7db57bd8d6ee684",
        "is_secret": false,
        "is_verified": false,
        "line_number": 32,
        "type": "Basic Auth Credentials"
      },
      {
        "filename": "docs/archive/mcp-pre-v0_5_0/phase-2.4-memory-pii-redaction-complete.md",
        "hashed_secret": "5baa61e4c9b93f3f0682250b6cf8331b7ee68fd8",
        "is_secret": false,
        "is_verified": false,
        "line_number": 55,
        "type": "Basic Auth Credentials"
      },
      {
        "filename": "docs/archive/mcp-pre-v0_5_0/phase-2.4-memory-pii-redaction-complete.md",
        "hashed_secret": "59db85718c97565baccfdc97399b359640ad2eff",
        "is_secret": false,
        "is_verified": false,
        "line_number": 65,
        "type": "Secret Keyword"
      },
      {
        "filename": "docs/archive/mcp-pre-v0_5_0/phase-2.4-memory-pii-redaction-complete.md",
        "hashed_secret": "f2b14f68eb995facb3a1c35287b778d5bd785511",
        "is_secret": false,
        "is_verified": false,
        "line_number": 66,
        "type": "Secret Keyword"
      }
    ],
    "docs/archive/milestones/0.x-initial-plan.md": [
      {
        "filename": "docs/archive/milestones/0.x-initial-plan.md",
        "hashed_secret": "9d4e1e23bd5b727046a9e3b4b7db57bd8d6ee684",
        "is_secret": false,
        "is_verified": false,
        "line_number": 727,
        "type": "Basic Auth Credentials"
      }
    ],
    "docs/archive/milestones/filesystem-contract.md": [
      {
        "filename": "docs/archive/milestones/filesystem-contract.md",
        "hashed_secret": "7a0eec7dc41229fbc40fdd5b48c8902532f7b6d9",
        "is_secret": false,
        "is_verified": false,
        "line_number": 111,
        "type": "Base64 High Entropy String"
      },
      {
        "filename": "docs/archive/milestones/filesystem-contract.md",
        "hashed_secret": "28dca57b9e4f72381d3aa6a4c8a8fbe9fcd91c10",
        "is_secret": false,
        "is_verified": false,
        "line_number": 112,
        "type": "Base64 High Entropy String"
      }
    ],
    "docs/archive/milestones/m0-session-logs.md": [
      {
        "filename": "docs/archive/milestones/m0-session-logs.md",
        "hashed_secret": "94c95ecfa5e7d9cf2dc869f7524c5cfd571395e1",
        "is_secret": false,
        "is_verified": false,
        "line_number": 183,
        "type": "Secret Keyword"
      },
      {
        "filename": "docs/archive/milestones/m0-session-logs.md",
        "hashed_secret": "59db85718c97565baccfdc97399b359640ad2eff",
        "is_secret": false,
        "is_verified": false,
        "line_number": 184,
        "type": "Secret Keyword"
      }
    ],
    "docs/archive/milestones/m1a.4-friendly-error-mapper.md": [
      {
        "filename": "docs/archive/milestones/m1a.4-friendly-error-mapper.md",
        "hashed_secret": "be5c2aca8d05cc83846f3e49fd5b5841e31bcecb",
        "is_secret": false,
        "is_verified": false,
        "line_number": 58,
        "type": "Secret Keyword"
      },
      {
        "filename": "docs/archive/milestones/m1a.4-friendly-error-mapper.md",
        "hashed_secret": "35a4d64ab0d34c8c8eb1464792b2eccc05d71302",
        "is_secret": false,
        "is_verified": false,
        "line_number": 61,
        "type": "Secret Keyword"
      },
      {
        "filename": "docs/archive/milestones/m1a.4-friendly-error-mapper.md",
        "hashed_secret": "6b3f4e1aba2db65e3f52a8287d649ab1e8281ca1",
        "is_secret": false,
        "is_verified": false,
        "line_number": 73,
        "type": "Secret Keyword"
      }
    ],
    "docs/archive/milestones/m2a-aiop.md": [
      {
        "filename": "docs/archive/milestones/m2a-aiop.md",
        "hashed_secret": "0ce50a1e076d5e366a1f4e8bdaf638d5c51e5fc7",
        "is_secret": false,
        "is_verified": false,
        "line_number": 512,
        "type": "Secret Keyword"
      },
      {
        "filename": "docs/archive/milestones/m2a-aiop.md",
        "hashed_secret": "6060b93f6ea3fc11f389e6761583bd210dec86a5",
        "is_secret": false,
        "is_verified": false,
        "line_number": 1261,
        "type": "Secret Keyword"
      }
    ],
    "docs/archive/milestones/reports/m0-validation-4-test-report.md": [
      {
        "filename": "docs/archive/milestones/reports/m0-validation-4-test-report.md",
        "hashed_secret": "72a39a22f19780735f3fd193d41fbe9b9fa08063",
        "is_secret": false,
        "is_verified": false,
        "line_number": 80,
        "type": "Secret Keyword"
      },
      {
        "filename": "docs/archive/milestones/reports/m0-validation-4-test-report.md",
        "hashed_secret": "f157a776fda15e9d5921244c9b6e3863eff81710",
        "is_secret": false,
        "is_verified": false,
        "line_number": 81,
        "type": "Secret Keyword"
      }
    ],
    "docs/components/posthog/CONFIG.md": [
      {
        "filename": "docs/components/posthog/CONFIG.md",
        "hashed_secret": "b8fbe2c451de7351c8f305c0b24b4796e8ea0ed0",
        "is_secret": false,
        "is_verified": false,
        "line_number": 47,
        "type": "Secret Keyword"
      },
      {
        "filename": "docs/components/posthog/CONFIG.md",
        "hashed_secret": "5579b295ea0f1f4740b90227784fa36c9ba40512",
        "is_secret": false,
        "is_verified": false,
        "line_number": 303,
        "type": "Secret Keyword"
      }
    ],
    "docs/components/posthog/IMPLEMENTATION_NOTES.md": [
      {
        "filename": "docs/components/posthog/IMPLEMENTATION_NOTES.md",
        "hashed_secret": "a80be09aabc73a579b36385a097752247054da86",
        "is_secret": false,
        "is_verified": false,
        "line_number": 337,
        "type": "Secret Keyword"
      },
      {
        "filename": "docs/components/posthog/IMPLEMENTATION_NOTES.md",
        "hashed_secret": "69c1960d27a0d399dcbe55b7aa6e97c8dee0f9f8",
        "is_secret": false,
        "is_verified": false,
        "line_number": 363,
        "type": "Secret Keyword"
      }
    ],
    "docs/components/posthog/QUICK_START.md": [
      {
        "filename": "docs/components/posthog/QUICK_START.md",
        "hashed_secret": "4887efb4826278ba66e3a9c3252e23cb757b9e9a",
        "is_secret": false,
        "is_verified": false,
        "line_number": 46,
        "type": "Secret Keyword"
      },
      {
        "filename": "docs/components/posthog/QUICK_START.md",
        "hashed_secret": "d5e5054bdc1c9bbc348e86001782ba1eb61f0c3e",
        "is_secret": false,
        "is_verified": false,
        "line_number": 234,
        "type": "Secret Keyword"
      },
      {
        "filename": "docs/components/posthog/QUICK_START.md",
        "hashed_secret": "35c2866fa69f156f67c242060a8a0d4d5b344a1a",
        "is_secret": false,
        "is_verified": false,
        "line_number": 261,
        "type": "Secret Keyword"
      }
    ],
    "docs/components/posthog/README.md": [
      {
        "filename": "docs/components/posthog/README.md",
        "hashed_secret": "4887efb4826278ba66e3a9c3252e23cb757b9e9a",
        "is_secret": false,
        "is_verified": false,
        "line_number": 60,
        "type": "Secret Keyword"
      },
      {
        "filename": "docs/components/posthog/README.md",
        "hashed_secret": "eab10ebdc5bbdba805148a08db48e5c44923897b",
        "is_secret": false,
        "is_verified": false,
        "line_number": 161,
        "type": "Secret Keyword"
      },
      {
        "filename": "docs/components/posthog/README.md",
        "hashed_secret": "549f1efdc532e7c8e8904309e137102fb3642718",
        "is_secret": false,
        "is_verified": false,
        "line_number": 207,
        "type": "Secret Keyword"
      }
    ],
    "docs/components/posthog/config.yaml.example": [
      {
        "filename": "docs/components/posthog/config.yaml.example",
        "hashed_secret": "b8fbe2c451de7351c8f305c0b24b4796e8ea0ed0",
        "is_secret": false,
        "is_verified": false,
        "line_number": 11,
        "type": "Secret Keyword"
      }
    ],
    "docs/developer-guide/ai/decision-trees/auth-selector.md": [
      {
        "filename": "docs/developer-guide/ai/decision-trees/auth-selector.md",
        "hashed_secret": "c4e2f9311369460f7302b54d50356a86adc87f97",
        "is_secret": false,
        "is_verified": false,
        "line_number": 280,
        "type": "Secret Keyword"
      }
    ],
    "docs/developer-guide/ai/error-patterns.md": [
      {
        "filename": "docs/developer-guide/ai/error-patterns.md",
        "hashed_secret": "9d4e1e23bd5b727046a9e3b4b7db57bd8d6ee684",
        "is_secret": false,
        "is_verified": false,
        "line_number": 371,
        "type": "Basic Auth Credentials"
      }
    ],
    "docs/milestones/mcp-v0.5.0/attachments/E2E_QUICK_REFERENCE.md": [
      {
        "filename": "docs/milestones/mcp-v0.5.0/attachments/E2E_QUICK_REFERENCE.md",
        "hashed_secret": "9d4e1e23bd5b727046a9e3b4b7db57bd8d6ee684",
        "is_secret": false,
        "is_verified": false,
        "line_number": 165,
        "type": "Basic Auth Credentials"
      }
    ],
    "docs/milestones/mcp-v0.5.0/attachments/e2e-testing-proposal.md": [
      {
        "filename": "docs/milestones/mcp-v0.5.0/attachments/e2e-testing-proposal.md",
        "hashed_secret": "9d4e1e23bd5b727046a9e3b4b7db57bd8d6ee684",
        "is_secret": false,
        "is_verified": false,
        "line_number": 1104,
        "type": "Basic Auth Credentials"
      }
    ],
    "docs/milestones/mcp-v0.5.0/attachments/e2e_framework.py": [
      {
        "filename": "docs/milestones/mcp-v0.5.0/attachments/e2e_framework.py",
        "hashed_secret": "f32b67c7e26342af42efabc674d441dca0a281c5",
        "is_secret": false,
        "is_verified": false,
        "line_number": 71,
        "type": "Secret Keyword"
      }
    ],
    "docs/overview.md": [
      {
        "filename": "docs/overview.md",
        "hashed_secret": "9d4e1e23bd5b727046a9e3b4b7db57bd8d6ee684",
        "is_secret": false,
        "is_verified": false,
        "line_number": 228,
        "type": "Basic Auth Credentials"
      }
    ],
    "docs/reference/COMPONENT_CAPABILITIES_DEEP_DIVE.md": [
      {
        "filename": "docs/reference/COMPONENT_CAPABILITIES_DEEP_DIVE.md",
        "hashed_secret": "eea72af273436d6e17f08a7318333857c40ac8a5",
        "is_secret": false,
        "is_verified": false,
        "line_number": 241,
        "type": "Secret Keyword"
      },
      {
        "filename": "docs/reference/COMPONENT_CAPABILITIES_DEEP_DIVE.md",
        "hashed_secret": "7e822ac9dbfac08bc80290fe827bb5fad78f38d6",
        "is_secret": false,
        "is_verified": false,
        "line_number": 812,
        "type": "Secret Keyword"
      }
    ],
    "docs/reference/COMPONENT_CAPABILITIES_SUMMARY.md": [
      {
        "filename": "docs/reference/COMPONENT_CAPABILITIES_SUMMARY.md",
        "hashed_secret": "e812ba8d00b270ef3502bb53ceb31e8c5188f14e",
        "is_secret": false,
        "is_verified": false,
        "line_number": 151,
        "type": "Secret Keyword"
      }
    ],
    "docs/reference/aiop.schema.json": [
      {
        "filename": "docs/reference/aiop.schema.json",
        "hashed_secret": "2428e773899f36ca89d92a9546b65b5c1f0d4ef4",
        "is_secret": false,
        "is_verified": false,
        "line_number": 309,
        "type": "Hex High Entropy String"
      }
    ],
    "docs/reference/cli.md": [
      {
        "filename": "docs/reference/cli.md",
        "hashed_secret": "a8253456364f1bfc7da7ae4a1db5b45d106317a5",
        "is_secret": false,
        "is_verified": false,
        "line_number": 393,
        "type": "Secret Keyword"
      }
    ],
    "docs/reference/components-spec.md": [
      {
        "filename": "docs/reference/components-spec.md",
        "hashed_secret": "e5e9fa1ba31ecd1ae84f75caaa474f3a663f05f4",
        "is_secret": false,
        "is_verified": false,
        "line_number": 197,
        "type": "Secret Keyword"
      }
    ],
    "docs/reference/x-connection-fields.md": [
      {
        "filename": "docs/reference/x-connection-fields.md",
        "hashed_secret": "7e822ac9dbfac08bc80290fe827bb5fad78f38d6",
        "is_secret": false,
        "is_verified": false,
        "line_number": 245,
        "type": "Secret Keyword"
      },
      {
        "filename": "docs/reference/x-connection-fields.md",
        "hashed_secret": "1a95769f3608d94e2e3437861b788d1372b0d1cf",
        "is_secret": false,
        "is_verified": false,
        "line_number": 522,
        "type": "Secret Keyword"
      }
    ],
    "docs/reports/phase2-impact/README.md": [
      {
        "filename": "docs/reports/phase2-impact/README.md",
        "hashed_secret": "e5e9fa1ba31ecd1ae84f75caaa474f3a663f05f4",
        "is_secret": false,
        "is_verified": false,
        "line_number": 190,
        "type": "Secret Keyword"
      }
    ],
    "docs/reports/phase2-impact/dod-matrix.md": [
      {
        "filename": "docs/reports/phase2-impact/dod-matrix.md",
        "hashed_secret": "f2b14f68eb995facb3a1c35287b778d5bd785511",
        "is_secret": false,
        "is_verified": false,
        "line_number": 96,
        "type": "Secret Keyword"
      }
    ],
    "docs/reports/phase2-impact/risk-register.md": [
      {
        "filename": "docs/reports/phase2-impact/risk-register.md",
        "hashed_secret": "f2b14f68eb995facb3a1c35287b778d5bd785511",
        "is_secret": false,
        "is_verified": false,
        "line_number": 247,
        "type": "Secret Keyword"
      }
    ],
    "docs/security/AGENT_SEARCH_GUIDE.md": [
      {
        "filename": "docs/security/AGENT_SEARCH_GUIDE.md",
        "hashed_secret": "44eae3a49f5c29351f086f5776bf77eeb012a829",
        "is_secret": false,
        "is_verified": false,
        "line_number": 27,
        "type": "Secret Keyword"
      }
    ],
    "docs/testing/e2b-testing-guide.md": [
      {
        "filename": "docs/testing/e2b-testing-guide.md",
        "hashed_secret": "11fa7c37d697f30e6aee828b4426a10f83ab2380",
        "is_secret": false,
        "is_verified": false,
        "line_number": 105,
        "type": "Secret Keyword"
      }
    ],
    "docs/third-party-packaging/THIRD_PARTY_COMPONENT_IMPLEMENTATION_GUIDE.md": [
      {
        "filename": "docs/third-party-packaging/THIRD_PARTY_COMPONENT_IMPLEMENTATION_GUIDE.md",
        "hashed_secret": "1e7772b7ee7a12f8dbb12351cabcb9dcd43221e8",
        "is_secret": false,
        "is_verified": false,
        "line_number": 330,
        "type": "Secret Keyword"
      }
    ],
    "docs/third-party-packaging/THIRD_PARTY_COMPONENT_PACKAGING_SPEC.md": [
      {
        "filename": "docs/third-party-packaging/THIRD_PARTY_COMPONENT_PACKAGING_SPEC.md",
        "hashed_secret": "8b3ab361d8cd6d1076df40a9f84d39fd27d918a0",
        "is_secret": false,
        "is_verified": false,
        "line_number": 590,
        "type": "Secret Keyword"
      }
    ],
    "docs/third-party-packaging/THIRD_PARTY_COMPONENT_PACKAGING_STRATEGY.md": [
      {
        "filename": "docs/third-party-packaging/THIRD_PARTY_COMPONENT_PACKAGING_STRATEGY.md",
        "hashed_secret": "00942f4668670f34c5943cf52c7ef3139fe2b8d6",
        "is_secret": false,
        "is_verified": false,
        "line_number": 397,
        "type": "Secret Keyword"
      },
      {
        "filename": "docs/third-party-packaging/THIRD_PARTY_COMPONENT_PACKAGING_STRATEGY.md",
        "hashed_secret": "541bca1b2d7bee54c2484cc115e6fef19003aa09",
        "is_secret": false,
        "is_verified": false,
        "line_number": 812,
        "type": "Secret Keyword"
      }
    ],
    "docs/user-guide/llms.txt": [
      {
        "filename": "docs/user-guide/llms.txt",
        "hashed_secret": "c1baf175671b28ad1e9d8f4f9de59ffc4c7b3a15",
        "is_secret": false,
        "is_verified": false,
        "line_number": 143,
        "type": "Secret Keyword"
      }
    ],
    "docs/user-guide/user-guide.md": [
      {
        "filename": "docs/user-guide/user-guide.md",
        "hashed_secret": "91dfd9ddb4198affc5c194cd8ce6d338fde470e2",
        "is_secret": false,
        "is_verified": false,
        "line_number": 406,
        "type": "Secret Keyword"
      }
    ]
  },
  "version": "1.5.0"
}
